command lngdp is unrecognized
r(199);

end of do-file

r(199);

. do "C:\Users\ADMINI~1\AppData\Local\Temp\STD1b45c_000000.tmp"

. //导出结果到word
. asdoc reg lngdp lnlabor $controls i.id, save(LSDV.doc) dec(3)

      Source |       SS           df       MS      Number of obs   =        50
-------------+----------------------------------   F(12, 37)       =    918.13
       Model |  49.4743306        12  4.12286088   Prob > F        =    0.0000
    Residual |  .166148245        37  .004490493   R-squared       =    0.9967
-------------+----------------------------------   Adj R-squared   =    0.9956
       Total |  49.6404788        49    1.013071   Root MSE        =    .06701

------------------------------------------------------------------------------
       lngdp | Coefficient  Std. err.      t    P>|t|     [95% conf. interval]
-------------+----------------------------------------------------------------
     lnlabor |  -.6671641   .2274121    -2.93   0.006    -1.127945   -.2063834
       lnfis |   .4763998    .081981     5.81   0.000     .3102905     .642509
 Theil_index |  -.0033952   .0030946    -1.10   0.280    -.0096654     .002875
             |
          id |
          2  |  -1.005169   .2475995    -4.06   0.000    -1.506853   -.5034848
          3  |  -1.890251   .4660716    -4.06   0.000    -2.834602   -.9459005
          4  |  -1.870261   .5219396    -3.58   0.001    -2.927812   -.8127114
          5  |  -3.323501   .7560888    -4.40   0.000    -4.855483    -1.79152
          6  |  -2.399709   .5921343    -4.05   0.000    -3.599487   -1.199931
          7  |  -2.861658    .693564    -4.13   0.000    -4.266953   -1.456364
          8  |  -2.207619   .5363601    -4.12   0.000    -3.294388    -1.12085
          9  |  -3.340573   .7150609    -4.67   0.000    -4.789424   -1.891722
         10  |  -3.296897   .7717339    -4.27   0.000    -4.860578   -1.733215
             |
       _cons |   15.57771   1.860587     8.37   0.000      11.8078    19.34762
------------------------------------------------------------------------------
(file LSDV.doc not found)
Click to Open File:  LSDV.doc

. 
end of do-file

. do "C:\Users\ADMINI~1\AppData\Local\Temp\STD1b45c_000000.tmp"

. //加入个体和时间虚拟变量回归
. reg lngdp lnlabor $controls i.id i.年份

      Source |       SS           df       MS      Number of obs   =        50
-------------+----------------------------------   F(16, 33)       =    745.57
       Model |  49.5035348        16  3.09397092   Prob > F        =    0.0000
    Residual |  .136944011        33  .004149819   R-squared       =    0.9972
-------------+----------------------------------   Adj R-squared   =    0.9959
       Total |  49.6404788        49    1.013071   Root MSE        =    .06442

------------------------------------------------------------------------------
       lngdp | Coefficient  Std. err.      t    P>|t|     [95% conf. interval]
-------------+----------------------------------------------------------------
     lnlabor |  -.4625968   .2437689    -1.90   0.067    -.9585482    .0333547
       lnfis |    .377712   .1556367     2.43   0.021     .0610666    .6943573
 Theil_index |  -.0047391   .0032763    -1.45   0.157    -.0114048    .0019266
             |
          id |
          2  |  -.8736659    .263015    -3.32   0.002    -1.408774   -.3385578
          3  |  -1.664002   .5205977    -3.20   0.003    -2.723166   -.6048376
          4  |  -1.630962   .5736423    -2.84   0.008    -2.798046   -.4638776
          5  |  -2.942135   .8437656    -3.49   0.001    -4.658789   -1.225482
          6  |  -2.129898   .6671159    -3.19   0.003    -3.487156   -.7726406
          7  |  -2.528438   .7855975    -3.22   0.003    -4.126749   -.9301284
          8  |  -1.966531   .6134247    -3.21   0.003    -3.214552   -.7185087
          9  |  -2.992148    .799607    -3.74   0.001    -4.618961   -1.365336
         10  |  -2.930724   .8699668    -3.37   0.002    -4.700685   -1.160763
             |
        年份 |
       2018  |  -.0007659   .0334103    -0.02   0.982    -.0687397    .0672079
       2019  |  -.0317534   .0393039    -0.81   0.425    -.1117178     .048211
       2020  |  -.0153333   .0432404    -0.35   0.725    -.1033065      .07264
       2021  |   .0514066   .0539287     0.95   0.347     -.058312    .1611253
             |
       _cons |    15.9765    2.69527     5.93   0.000     10.49293    21.46007
------------------------------------------------------------------------------

. //导出结果到word
. asdoc reg lngdp lnlabor $controls i.id i.年份, save(LSDV.doc) dec(3) 
(File LSDV.doc already exists, option append was assumed)
file LSDV.doc could not be opened for read/write
                 fopen():   603  file could not be opened
                append():     -  function returned error
                 <istmt>:     -  function returned error
r(603);

end of do-file

r(603);

. do "C:\Users\ADMINI~1\AppData\Local\Temp\STD1b45c_000000.tmp"

. asdoc reg lngdp lnlabor $controls i.id i.年份, save(LSDV.doc) dec(3) clear
(File LSDV.doc already exists, option append was assumed)
option clear not allowed
r(198);

end of do-file

r(198);

. do "C:\Users\ADMINI~1\AppData\Local\Temp\STD1b45c_000000.tmp"

. asdoc reg lngdp lnlabor $controls i.id i.年份, save(LSDV.doc) dec(3) 
(File LSDV.doc already exists, option append was assumed)

      Source |       SS           df       MS      Number of obs   =        50
-------------+----------------------------------   F(16, 33)       =    745.57
       Model |  49.5035348        16  3.09397092   Prob > F        =    0.0000
    Residual |  .136944011        33  .004149819   R-squared       =    0.9972
-------------+----------------------------------   Adj R-squared   =    0.9959
       Total |  49.6404788        49    1.013071   Root MSE        =    .06442

------------------------------------------------------------------------------
       lngdp | Coefficient  Std. err.      t    P>|t|     [95% conf. interval]
-------------+----------------------------------------------------------------
     lnlabor |  -.4625968   .2437689    -1.90   0.067    -.9585482    .0333547
       lnfis |    .377712   .1556367     2.43   0.021     .0610666    .6943573
 Theil_index |  -.0047391   .0032763    -1.45   0.157    -.0114048    .0019266
             |
          id |
          2  |  -.8736659    .263015    -3.32   0.002    -1.408774   -.3385578
          3  |  -1.664002   .5205977    -3.20   0.003    -2.723166   -.6048376
          4  |  -1.630962   .5736423    -2.84   0.008    -2.798046   -.4638776
          5  |  -2.942135   .8437656    -3.49   0.001    -4.658789   -1.225482
          6  |  -2.129898   .6671159    -3.19   0.003    -3.487156   -.7726406
          7  |  -2.528438   .7855975    -3.22   0.003    -4.126749   -.9301284
          8  |  -1.966531   .6134247    -3.21   0.003    -3.214552   -.7185087
          9  |  -2.992148    .799607    -3.74   0.001    -4.618961   -1.365336
         10  |  -2.930724   .8699668    -3.37   0.002    -4.700685   -1.160763
             |
        年份 |
       2018  |  -.0007659   .0334103    -0.02   0.982    -.0687397    .0672079
       2019  |  -.0317534   .0393039    -0.81   0.425    -.1117178     .048211
       2020  |  -.0153333   .0432404    -0.35   0.725    -.1033065      .07264
       2021  |   .0514066   .0539287     0.95   0.347     -.058312    .1611253
             |
       _cons |    15.9765    2.69527     5.93   0.000     10.49293    21.46007
------------------------------------------------------------------------------
Click to Open File:  LSDV.doc

. 
end of do-file

. do "C:\Users\ADMINI~1\AppData\Local\Temp\STD1b45c_000000.tmp"

. **hausman_test
. reg lngdp lnlabor $controls i.id 

      Source |       SS           df       MS      Number of obs   =        50
-------------+----------------------------------   F(12, 37)       =    918.13
       Model |  49.4743306        12  4.12286088   Prob > F        =    0.0000
    Residual |  .166148245        37  .004490493   R-squared       =    0.9967
-------------+----------------------------------   Adj R-squared   =    0.9956
       Total |  49.6404788        49    1.013071   Root MSE        =    .06701

------------------------------------------------------------------------------
       lngdp | Coefficient  Std. err.      t    P>|t|     [95% conf. interval]
-------------+----------------------------------------------------------------
     lnlabor |  -.6671641   .2274121    -2.93   0.006    -1.127945   -.2063834
       lnfis |   .4763998    .081981     5.81   0.000     .3102905     .642509
 Theil_index |  -.0033952   .0030946    -1.10   0.280    -.0096654     .002875
             |
          id |
          2  |  -1.005169   .2475995    -4.06   0.000    -1.506853   -.5034848
          3  |  -1.890251   .4660716    -4.06   0.000    -2.834602   -.9459005
          4  |  -1.870261   .5219396    -3.58   0.001    -2.927812   -.8127114
          5  |  -3.323501   .7560888    -4.40   0.000    -4.855483    -1.79152
          6  |  -2.399709   .5921343    -4.05   0.000    -3.599487   -1.199931
          7  |  -2.861658    .693564    -4.13   0.000    -4.266953   -1.456364
          8  |  -2.207619   .5363601    -4.12   0.000    -3.294388    -1.12085
          9  |  -3.340573   .7150609    -4.67   0.000    -4.789424   -1.891722
         10  |  -3.296897   .7717339    -4.27   0.000    -4.860578   -1.733215
             |
       _cons |   15.57771   1.860587     8.37   0.000      11.8078    19.34762
------------------------------------------------------------------------------

. est store fe

. reg lngdp lnlabor $controls 

      Source |       SS           df       MS      Number of obs   =        50
-------------+----------------------------------   F(3, 46)        =    667.86
       Model |  48.5263597         3  16.1754532   Prob > F        =    0.0000
    Residual |  1.11411909        46   .02421998   R-squared       =    0.9776
-------------+----------------------------------   Adj R-squared   =    0.9761
       Total |  49.6404788        49    1.013071   Root MSE        =    .15563

------------------------------------------------------------------------------
       lngdp | Coefficient  Std. err.      t    P>|t|     [95% conf. interval]
-------------+----------------------------------------------------------------
     lnlabor |   .4481966   .1468318     3.05   0.004     .1526396    .7437537
       lnfis |   .2412135   .1378707     1.75   0.087    -.0363058    .5187329
 Theil_index |  -.0137842   .0027548    -5.00   0.000    -.0193294    -.008239
       _cons |   12.40634   1.552306     7.99   0.000     9.281708    15.53097
------------------------------------------------------------------------------

. est store re

. hausman fe re,sigmamore

                 ---- Coefficients ----
             |      (b)          (B)            (b-B)     sqrt(diag(V_b-V_B))
             |       fe           re         Difference       Std. err.
-------------+----------------------------------------------------------------
     lnlabor |   -.6671641     .4481966       -1.115361        .5073243
       lnfis |    .4763998     .2412135        .2351862        .1313069
 Theil_index |   -.0033952    -.0137842         .010389        .0066379
------------------------------------------------------------------------------
                        b = Consistent under H0 and Ha; obtained from regress.
         B = Inconsistent under Ha, efficient under H0; obtained from regress.

Test of H0: Difference in coefficients not systematic

    chi2(3) = (b-B)'[(V_b-V_B)^(-1)](b-B)
            =  13.48
Prob > chi2 = 0.0037

. logout, save(hausman_1) word fix(1) dec(2) replace: hausman fe re,sigmamore

